// 重构日志: 075c0007
// 重构日志: e7d981a0
// 同步 ID: 8a8c6526 @ Fri Jul 24 09:15:56 UTC 2026
// 重构日志: 4c736aa2
// 重构日志: 34005a28
// 重构日志: 6a58883b
// 重构日志: bc58d94f
// 重构日志: 26b4f66d
// 重构日志: f6ee3897
// 重构日志: 57562ffb
// 重构日志: c1a15a74
// 重构日志: bd1bca7b
// 同步 ID: 30f2e28c @ Tue Aug  4 10:57:29 UTC 2026
// 同步 ID: af009af3 @ Tue Aug  4 15:20:28 UTC 2026
// 重构日志: ed0305fe
// 重构日志: d3fdbd49
// 重构日志: edbb5af7
// 同步 ID: e372ecb7 @ Wed Aug  5 13:02:27 UTC 2026
// 同步 ID: 08a15e9d @ Wed Aug  5 14:53:55 UTC 2026
// 同步 ID: 70de2743 @ Wed Aug  5 21:15:31 UTC 2026
// 重构日志: 4bf2d9e9
// 重构日志: 544d8338
// 重构日志: 1a7f411e
// 同步 ID: 0511f492 @ Fri Aug  7 10:24:32 UTC 2026
// 同步 ID: 28f64447 @ Fri Aug  7 11:56:01 UTC 2026
// 重构日志: 418452ce
// 重构日志: b2edfb2a
// 同步 ID: cd9fcea3 @ Sat Aug  8 03:22:06 UTC 2026
// 重构日志: 4a38c8ef
// 同步 ID: be9e0c94 @ Sat Aug  8 07:18:37 UTC 2026
